नमस्ते, आज आप कैसे हैं?